// Jest Snapshot v1, https://goo.gl/fbAQLP

exports[`Search renders correctly 1`] = `
<div>
  <input
    placeholder="inheritance"
    type="text"
  />
  <button
    type="submit"
  >
    Search
  </button>
</div>
`;
